$ python -m pytest -m "not ship_gate and not integration" -q
........................................................................ [ 26%]
........................................................................ [ 53%]
........................................................................ [ 80%]
...................................................                      [100%]
267 passed, 5 deselected in 13.57s
